{"lorem": [0, 5, 10, 15], "ipsum": [0, 5, 10, 16], "dolor": [0, 5, 10, 16], "sit": [0, 5, 10, 16], "amet": [1, 6, 11, 17], "consectetur": [1, 6, 11, 17], "adipiscing": [1, 6, 11, 17], "elit": [2, 7, 12, 18], "donec": [2, 7, 12, 18], "sem": [2, 7, 12, 18], "felis": [2, 7, 12, 18], "accumsan": [2, 7, 12, 18], "eget": [2, 7, 12, 18], "erat": [2, 3, 7, 8, 12, 13, 18, 19], "quis": [2, 7, 12, 18], "placerat": [3, 8, 13, 19], "posuere": [3, 8, 13, 19], "cras": [4, 9, 14, 20], "efficitur": [4, 9, 14, 20], "velit": [4, 9, 14, 20], "at": [4, 9, 14, 20], "nunc": [4, 9, 14, 20], "loremlorem": [16]}